---
source: compiler-core/src/type_/tests/exhaustiveness.rs
assertion_line: 255
expression: "\npub fn main(x) {\n  case x {\n    Error(True) -> 1\n  }\n}\n"
---

warning: Inexhaustive patterns
  ┌─ /src/warning/wrn.gleam:3:3
  │  
3 │ ╭   case x {
4 │ │     Error(True) -> 1
5 │ │   }
  │ ╰───^

This case expression does not have patterns for all possible values.
If is run on one of the values without a pattern then it will crash.

The missing clauses are:

    Error(False) -> todo
    Ok(_) -> todo

In a future version of Gleam this will become a compile error.


